Archive member included to satisfy reference by file (symbol)

b:/nxp/s32ds/build_tools/gcc_v11.4/gcc-11.4-arm32-eabi/bin/../lib/gcc/arm-none-eabi/11.4.0/../../../../arm-none-eabi/lib/thumb/v7e-m/nofp\libc.a(lib_a-exit.o)
                              b:/nxp/s32ds/build_tools/gcc_v11.4/gcc-11.4-arm32-eabi/bin/../lib/gcc/arm-none-eabi/11.4.0/../../../../arm-none-eabi/lib/thumb/v7e-m/nofp/rdimon-crt0.o (exit)
b:/nxp/s32ds/build_tools/gcc_v11.4/gcc-11.4-arm32-eabi/bin/../lib/gcc/arm-none-eabi/11.4.0/../../../../arm-none-eabi/lib/thumb/v7e-m/nofp\libc.a(lib_a-impure.o)
                              b:/nxp/s32ds/build_tools/gcc_v11.4/gcc-11.4-arm32-eabi/bin/../lib/gcc/arm-none-eabi/11.4.0/../../../../arm-none-eabi/lib/thumb/v7e-m/nofp\libc.a(lib_a-exit.o) (_global_impure_ptr)
b:/nxp/s32ds/build_tools/gcc_v11.4/gcc-11.4-arm32-eabi/bin/../lib/gcc/arm-none-eabi/11.4.0/../../../../arm-none-eabi/lib/thumb/v7e-m/nofp\libc.a(lib_a-init.o)
                              b:/nxp/s32ds/build_tools/gcc_v11.4/gcc-11.4-arm32-eabi/bin/../lib/gcc/arm-none-eabi/11.4.0/../../../../arm-none-eabi/lib/thumb/v7e-m/nofp/rdimon-crt0.o (__libc_init_array)
b:/nxp/s32ds/build_tools/gcc_v11.4/gcc-11.4-arm32-eabi/bin/../lib/gcc/arm-none-eabi/11.4.0/../../../../arm-none-eabi/lib/thumb/v7e-m/nofp\libc.a(lib_a-memset.o)
                              b:/nxp/s32ds/build_tools/gcc_v11.4/gcc-11.4-arm32-eabi/bin/../lib/gcc/arm-none-eabi/11.4.0/../../../../arm-none-eabi/lib/thumb/v7e-m/nofp/rdimon-crt0.o (memset)
b:/nxp/s32ds/build_tools/gcc_v11.4/gcc-11.4-arm32-eabi/bin/../lib/gcc/arm-none-eabi/11.4.0/../../../../arm-none-eabi/lib/thumb/v7e-m/nofp\libc.a(lib_a-__call_atexit.o)
                              b:/nxp/s32ds/build_tools/gcc_v11.4/gcc-11.4-arm32-eabi/bin/../lib/gcc/arm-none-eabi/11.4.0/../../../../arm-none-eabi/lib/thumb/v7e-m/nofp\libc.a(lib_a-exit.o) (__call_exitprocs)
b:/nxp/s32ds/build_tools/gcc_v11.4/gcc-11.4-arm32-eabi/bin/../lib/gcc/arm-none-eabi/11.4.0/../../../../arm-none-eabi/lib/thumb/v7e-m/nofp\libc.a(lib_a-fini.o)
                              b:/nxp/s32ds/build_tools/gcc_v11.4/gcc-11.4-arm32-eabi/bin/../lib/gcc/arm-none-eabi/11.4.0/../../../../arm-none-eabi/lib/thumb/v7e-m/nofp\libc.a(lib_a-__call_atexit.o) (__libc_fini_array)
b:/nxp/s32ds/build_tools/gcc_v11.4/gcc-11.4-arm32-eabi/bin/../lib/gcc/arm-none-eabi/11.4.0/../../../../arm-none-eabi/lib/thumb/v7e-m/nofp\libc.a(lib_a-atexit.o)
                              b:/nxp/s32ds/build_tools/gcc_v11.4/gcc-11.4-arm32-eabi/bin/../lib/gcc/arm-none-eabi/11.4.0/../../../../arm-none-eabi/lib/thumb/v7e-m/nofp\libc.a(lib_a-__call_atexit.o) (atexit)
b:/nxp/s32ds/build_tools/gcc_v11.4/gcc-11.4-arm32-eabi/bin/../lib/gcc/arm-none-eabi/11.4.0/../../../../arm-none-eabi/lib/thumb/v7e-m/nofp\libc.a(lib_a-__atexit.o)
                              b:/nxp/s32ds/build_tools/gcc_v11.4/gcc-11.4-arm32-eabi/bin/../lib/gcc/arm-none-eabi/11.4.0/../../../../arm-none-eabi/lib/thumb/v7e-m/nofp\libc.a(lib_a-atexit.o) (__register_exitproc)
b:/nxp/s32ds/build_tools/gcc_v11.4/gcc-11.4-arm32-eabi/bin/../lib/gcc/arm-none-eabi/11.4.0/../../../../arm-none-eabi/lib/thumb/v7e-m/nofp\librdimon.a(rdimon-syscalls.o)
                              b:/nxp/s32ds/build_tools/gcc_v11.4/gcc-11.4-arm32-eabi/bin/../lib/gcc/arm-none-eabi/11.4.0/../../../../arm-none-eabi/lib/thumb/v7e-m/nofp/rdimon-crt0.o (initialise_monitor_handles)
b:/nxp/s32ds/build_tools/gcc_v11.4/gcc-11.4-arm32-eabi/bin/../lib/gcc/arm-none-eabi/11.4.0/../../../../arm-none-eabi/lib/thumb/v7e-m/nofp\librdimon.a(rdimon-_exit.o)
                              b:/nxp/s32ds/build_tools/gcc_v11.4/gcc-11.4-arm32-eabi/bin/../lib/gcc/arm-none-eabi/11.4.0/../../../../arm-none-eabi/lib/thumb/v7e-m/nofp\libc.a(lib_a-exit.o) (_exit)
b:/nxp/s32ds/build_tools/gcc_v11.4/gcc-11.4-arm32-eabi/bin/../lib/gcc/arm-none-eabi/11.4.0/../../../../arm-none-eabi/lib/thumb/v7e-m/nofp\librdimon.a(rdimon-_kill.o)
                              b:/nxp/s32ds/build_tools/gcc_v11.4/gcc-11.4-arm32-eabi/bin/../lib/gcc/arm-none-eabi/11.4.0/../../../../arm-none-eabi/lib/thumb/v7e-m/nofp\librdimon.a(rdimon-_exit.o) (_kill_shared)
b:/nxp/s32ds/build_tools/gcc_v11.4/gcc-11.4-arm32-eabi/bin/../lib/gcc/arm-none-eabi/11.4.0/../../../../arm-none-eabi/lib/thumb/v7e-m/nofp\libc.a(lib_a-errno.o)
                              b:/nxp/s32ds/build_tools/gcc_v11.4/gcc-11.4-arm32-eabi/bin/../lib/gcc/arm-none-eabi/11.4.0/../../../../arm-none-eabi/lib/thumb/v7e-m/nofp\librdimon.a(rdimon-syscalls.o) (__errno)
b:/nxp/s32ds/build_tools/gcc_v11.4/gcc-11.4-arm32-eabi/bin/../lib/gcc/arm-none-eabi/11.4.0/../../../../arm-none-eabi/lib/thumb/v7e-m/nofp\libc.a(lib_a-findfp.o)
                              b:/nxp/s32ds/build_tools/gcc_v11.4/gcc-11.4-arm32-eabi/bin/../lib/gcc/arm-none-eabi/11.4.0/../../../../arm-none-eabi/lib/thumb/v7e-m/nofp\librdimon.a(rdimon-syscalls.o) (__sinit)
[...]
Memory Configuration

Name             Origin             Length             Attributes
m_interrupts     0x00000000         0x00000400         xr
m_flash_config   0x00000400         0x00000010         xr
m_text           0x00000410         0x0007fbf0         xr
m_data           0x1fff8000         0x00008000         rw
m_data_2         0x20000000         0x00007000         rw
*default*        0x00000000         0xffffffff

Linker script and memory map

LOAD b:/nxp/s32ds/build_tools/gcc_v11.4/gcc-11.4-arm32-eabi/bin/../lib/gcc/arm-none-eabi/11.4.0/thumb/v7e-m/nofp/crti.o
LOAD b:/nxp/s32ds/build_tools/gcc_v11.4/gcc-11.4-arm32-eabi/bin/../lib/gcc/arm-none-eabi/11.4.0/thumb/v7e-m/nofp/crtbegin.o
LOAD b:/nxp/s32ds/build_tools/gcc_v11.4/gcc-11.4-arm32-eabi/bin/../lib/gcc/arm-none-eabi/11.4.0/../../../../arm-none-eabi/lib/thumb/v7e-m/nofp/rdimon-crt0.o
LOAD ./Project_Settings/Startup_Code/startup.o
LOAD ./Project_Settings/Startup_Code/startup_S32K144.o
LOAD ./Project_Settings/Startup_Code/system_S32K144.o
LOAD ./src/App/main.o
LOAD ./src/Driver/src/driver_gpio.o
LOAD ./src/HAL/src/HAL_gpio.o
START GROUP
LOAD b:/nxp/s32ds/build_tools/gcc_v11.4/gcc-11.4-arm32-eabi/bin/../lib/gcc/arm-none-eabi/11.4.0/thumb/v7e-m/nofp\libgcc.a
LOAD b:/nxp/s32ds/build_tools/gcc_v11.4/gcc-11.4-arm32-eabi/bin/../lib/gcc/arm-none-eabi/11.4.0/../../../../arm-none-eabi/lib/thumb/v7e-m/nofp\libc.a
END GROUP
START GROUP
LOAD b:/nxp/s32ds/build_tools/gcc_v11.4/gcc-11.4-arm32-eabi/bin/../lib/gcc/arm-none-eabi/11.4.0/thumb/v7e-m/nofp\libgcc.a
LOAD b:/nxp/s32ds/build_tools/gcc_v11.4/gcc-11.4-arm32-eabi/bin/../lib/gcc/arm-none-eabi/11.4.0/../../../../arm-none-eabi/lib/thumb/v7e-m/nofp\libc.a
LOAD b:/nxp/s32ds/build_tools/gcc_v11.4/gcc-11.4-arm32-eabi/bin/../lib/gcc/arm-none-eabi/11.4.0/../../../../arm-none-eabi/lib/thumb/v7e-m/nofp\librdimon.a
END GROUP
LOAD b:/nxp/s32ds/build_tools/gcc_v11.4/gcc-11.4-arm32-eabi/bin/../lib/gcc/arm-none-eabi/11.4.0/thumb/v7e-m/nofp/crtend.o
LOAD b:/nxp/s32ds/build_tools/gcc_v11.4/gcc-11.4-arm32-eabi/bin/../lib/gcc/arm-none-eabi/11.4.0/thumb/v7e-m/nofp/crtn.o
                0x00000400                HEAP_SIZE = DEFINED (__heap_size__)?__heap_size__:0x400
                0x00000400                STACK_SIZE = DEFINED (__stack_size__)?__stack_size__:0x400
                0x00000400                M_VECTOR_RAM_SIZE = DEFINED (__flash_vector_table__)?0x0:0x400

.interrupts     0x00000000      0x400
                0x00000000                __VECTOR_TABLE = .
                0x00000000                __interrupts_start__ = .
                0x00000000                . = ALIGN (0x4)
 *(.isr_vector)
 .isr_vector    0x00000000      0x400 ./Project_Settings/Startup_Code/startup_S32K144.o
                0x00000000                __isr_vector
                0x00000400                __interrupts_end__ = .
                0x00000400                . = ALIGN (0x4)

.flash_config   0x00000400       0x10
                0x00000400                . = ALIGN (0x4)
 *(.FlashConfig)
 .FlashConfig   0x00000400       0x10 ./Project_Settings/Startup_Code/startup_S32K144.o
                0x00000410                . = ALIGN (0x4)

.text           0x00000410     0x1a9c
                0x00000410                . = ALIGN (0x4)
 *(.text)
 .text          0x00000410       0x88 b:/nxp/s32ds/build_tools/gcc_v11.4/gcc-11.4-arm32-eabi/bin/../lib/gcc/arm-none-eabi/11.4.0/thumb/v7e-m/nofp/crtbegin.o
 .text          0x00000498       0xf8 b:/nxp/s32ds/build_tools/gcc_v11.4/gcc-11.4-arm32-eabi/bin/../lib/gcc/arm-none-eabi/11.4.0/../../../../arm-none-eabi/lib/thumb/v7e-m/nofp/rdimon-crt0.o
                0x00000498                _stack_init
                0x000004a4                _start
                0x000004a4                _mainCRTStartup
 .text          0x00000590       0x6c ./Project_Settings/Startup_Code/startup_S32K144.o
                0x00000590                Reset_Handler
                0x000005f8                DebugMon_Handler
                0x000005f8                Reserved88_IRQHandler
                0x000005f8                CAN0_ORed_IRQHandler
                0x000005f8                HardFault_Handler
                0x000005f8                Reserved86_IRQHandler
                0x000005f8                Reserved103_IRQHandler
                0x000005f8                SysTick_Handler
                0x000005f8                FTM2_Ovf_Reload_IRQHandler
                0x000005f8                Reserved50_IRQHandler
                0x000005f8                FTFC_Fault_IRQHandler
                0x000005f8                FTM0_Ch6_Ch7_IRQHandler
                0x000005f8                Reserved114_IRQHandler
                0x000005f8                PendSV_Handler
                0x000005f8                NMI_Handler
                0x000005f8                Reserved89_IRQHandler
                0x000005f8                ERM_double_fault_IRQHandler
                0x000005f8                DMA2_IRQHandler
                0x000005f8                Reserved59_IRQHandler
                0x000005f8                LPIT0_Ch0_IRQHandler
                0x000005f8                Reserved99_IRQHandler
                0x000005f8                FTM3_Ch6_Ch7_IRQHandler
                0x000005f8                CAN2_ORed_0_15_MB_IRQHandler
                0x000005f8                LPIT0_Ch3_IRQHandler
                0x000005f8                Reserved92_IRQHandler
                0x000005f8                FTM0_Ch4_Ch5_IRQHandler
                0x000005f8                CAN1_Error_IRQHandler
                0x000005f8                FTM3_Ch0_Ch1_IRQHandler
                0x000005f8                SWI_IRQHandler
                0x000005f8                ADC0_IRQHandler
                0x000005f8                FTM2_Ch4_Ch5_IRQHandler
                0x000005f8                UsageFault_Handler
                0x000005f8                FTM0_Ovf_Reload_IRQHandler
                0x000005f8                DefaultISR
                0x000005f8                DMA9_IRQHandler
                0x000005f8                Reserved58_IRQHandler
                0x000005f8                CAN1_ORed_0_15_MB_IRQHandler
                0x000005f8                FTM1_Ch2_Ch3_IRQHandler
                0x000005f8                DMA14_IRQHandler
                0x000005f8                Reserved82_IRQHandler
                0x000005f8                CAN0_ORed_16_31_MB_IRQHandler
                0x000005f8                LPI2C0_Slave_IRQHandler
                0x000005f8                Reserved71_IRQHandler
                0x000005f8                PORTD_IRQHandler
                0x000005f8                Reserved69_IRQHandler
                0x000005f8                PORTB_IRQHandler
                0x000005f8                Reserved70_IRQHandler
                0x000005f8                ADC1_IRQHandler
                0x000005f8                FTM2_Ch2_Ch3_IRQHandler
                0x000005f8                Reserved53_IRQHandler
                0x000005f8                DMA5_IRQHandler
                0x000005f8                RTC_IRQHandler
                0x000005f8                PDB0_IRQHandler
                0x000005f8                Reserved54_IRQHandler
                0x000005f8                FTM2_Ch6_Ch7_IRQHandler
                0x000005f8                FTM3_Ch2_Ch3_IRQHandler
                0x000005f8                FTM2_Ch0_Ch1_IRQHandler
                0x000005f8                LPSPI1_IRQHandler
                0x000005f8                LPUART1_RxTx_IRQHandler
                0x000005f8                RTC_Seconds_IRQHandler
                0x000005f8                CAN2_ORed_IRQHandler
                0x000005f8                Reserved72_IRQHandler
                0x000005f8                Reserved110_IRQHandler
                0x000005f8                DMA11_IRQHandler
                0x000005f8                Reserved107_IRQHandler
                0x000005f8                Read_Collision_IRQHandler
                0x000005f8                CAN2_Error_IRQHandler
                0x000005f8                FTFC_IRQHandler
                0x000005f8                DMA7_IRQHandler
                0x000005f8                FTM1_Ch6_Ch7_IRQHandler
                0x000005f8                Reserved105_IRQHandler
                0x000005f8                LPIT0_Ch1_IRQHandler
                0x000005f8                FTM1_Ch4_Ch5_IRQHandler
                0x000005f8                FTM3_Ovf_Reload_IRQHandler
                0x000005f8                LPUART2_RxTx_IRQHandler
                0x000005f8                LPSPI0_IRQHandler
                0x000005f8                WDOG_EWM_IRQHandler
                0x000005f8                MemManage_Handler
                0x000005f8                Reserved90_IRQHandler
                0x000005f8                Reserved83_IRQHandler
                0x000005f8                FTM0_Fault_IRQHandler
                0x000005f8                Reserved48_IRQHandler
                0x000005f8                SVC_Handler
                0x000005f8                ERM_single_fault_IRQHandler
                0x000005f8                FTM2_Fault_IRQHandler
                0x000005f8                FTM0_Ch2_Ch3_IRQHandler
                0x000005f8                DMA13_IRQHandler
                0x000005f8                FTM0_Ch0_Ch1_IRQHandler
                0x000005f8                FTM3_Fault_IRQHandler
                0x000005f8                RCM_IRQHandler
                0x000005f8                DMA3_IRQHandler
                0x000005f8                Reserved100_IRQHandler
                0x000005f8                DMA0_IRQHandler
                0x000005f8                Reserved91_IRQHandler
                0x000005f8                CAN1_ORed_IRQHandler
                0x000005f8                DMA15_IRQHandler
                0x000005f8                SCG_IRQHandler
                0x000005f8                PDB1_IRQHandler
                0x000005f8                Reserved81_IRQHandler
                0x000005f8                Reserved46_IRQHandler
                0x000005f8                Reserved45_IRQHandler
                0x000005f8                CAN0_Error_IRQHandler
                0x000005f8                Reserved112_IRQHandler
                0x000005f8                LPI2C0_Master_IRQHandler
                0x000005f8                DMA4_IRQHandler
                0x000005f8                FTM1_Fault_IRQHandler
                0x000005f8                Reserved106_IRQHandler
                0x000005f8                DMA_Error_IRQHandler
                0x000005f8                LVD_LVW_IRQHandler
                0x000005f8                LPIT0_Ch2_IRQHandler
                0x000005f8                PORTA_IRQHandler
                0x000005f8                MCM_IRQHandler
                0x000005f8                LPSPI2_IRQHandler
                0x000005f8                DMA12_IRQHandler
                0x000005f8                FTM3_Ch4_Ch5_IRQHandler
                0x000005f8                CAN0_ORed_0_15_MB_IRQHandler
                0x000005f8                PORTE_IRQHandler
                0x000005f8                LPUART0_RxTx_IRQHandler
                0x000005f8                LPTMR0_IRQHandler
                0x000005f8                BusFault_Handler
                0x000005f8                Reserved87_IRQHandler
                0x000005f8                FTM1_Ovf_Reload_IRQHandler
                0x000005f8                DMA8_IRQHandler
                0x000005f8                Reserved93_IRQHandler
                0x000005f8                DMA10_IRQHandler
                0x000005f8                CAN0_Wake_Up_IRQHandler
                0x000005f8                CMP0_IRQHandler
                0x000005f8                Reserved52_IRQHandler
                0x000005f8                PORTC_IRQHandler
                0x000005f8                DMA6_IRQHandler
                0x000005f8                FTM1_Ch0_Ch1_IRQHandler
                0x000005f8                FLEXIO_IRQHandler
                0x000005f8                DMA1_IRQHandler
                0x000005f8                Reserved113_IRQHandler
 .text          0x000005fc       0x10 b:/nxp/s32ds/build_tools/gcc_v11.4/gcc-11.4-arm32-eabi/bin/../lib/gcc/arm-none-eabi/11.4.0/../../../../arm-none-eabi/lib/thumb/v7e-m/nofp\libc.a(lib_a-strlen.o)
                0x000005fc                strlen
 *(.text*)
 .text.init_data_bss
                0x0000060c      0x128 ./Project_Settings/Startup_Code/startup.o
                0x0000060c                init_data_bss
 .text.SystemInit
                0x00000734       0x30 ./Project_Settings/Startup_Code/system_S32K144.o
                0x00000734                SystemInit
 .text.main     0x00000764       0xdc ./src/App/main.o
                0x00000764                main
 .text.GPIO_Setup
                0x00000840       0x4c ./src/Driver/src/driver_gpio.o
 .text.GPIO_SetDirection
                0x0000088c       0x52 ./src/Driver/src/driver_gpio.o
 .text.GPIO_SetOutputMode
                0x000008de       0x42 ./src/Driver/src/driver_gpio.o
 .text.GPIO_SetPullResistor
                0x00000920       0x66 ./src/Driver/src/driver_gpio.o
 *fill*         0x00000986        0x2 
 .text.GPIO_SetEventTrigger
                0x00000988       0x7c ./src/Driver/src/driver_gpio.o
 .text.GPIO_SetOutput
                0x00000a04       0x22 ./src/Driver/src/driver_gpio.o
 .text.GPIO_GetInput
                0x00000a26       0x26 ./src/Driver/src/driver_gpio.o
 .text.HAL_Pin_Set
                0x00000a4c      0x470 ./src/HAL/src/HAL_gpio.o
 .text.HAL_GPIO_Init
                0x00000ebc       0x40 ./src/HAL/src/HAL_gpio.o
                0x00000ebc                HAL_GPIO_Init
 .text.HAL_GPIO_Dir
                0x00000efc       0x60 ./src/HAL/src/HAL_gpio.o
                0x00000efc                HAL_GPIO_Dir
 .text.HAL_GPIO_Resistor
                0x00000f5c       0xb8 ./src/HAL/src/HAL_gpio.o
                0x00000f5c                HAL_GPIO_Resistor
 .text.HAL_GPIO_Trigger_Event
                0x00001014       0xbc ./src/HAL/src/HAL_gpio.o
                0x00001014                HAL_GPIO_Trigger_Event
 .text.HAL_GPIO_Ouput_level
                0x000010d0       0x44 ./src/HAL/src/HAL_gpio.o
                0x000010d0                HAL_GPIO_Ouput_level
 .text.HAL_GPIO_Input_level
                0x00001114       0x38 ./src/HAL/src/HAL_gpio.o
                0x00001114                HAL_GPIO_Input_level
 .text.exit     0x0000114c       0x20 b:/nxp/s32ds/build_tools/gcc_v11.4/gcc-11.4-arm32-eabi/bin/../lib/gcc/arm-none-eabi/11.4.0/../../../../arm-none-eabi/lib/thumb/v7e-m/nofp\libc.a(lib_a-exit.o)
                0x0000114c                exit
 .text.__libc_init_array
                0x0000116c       0x48 b:/nxp/s32ds/build_tools/gcc_v11.4/gcc-11.4-arm32-eabi/bin/../lib/gcc/arm-none-eabi/11.4.0/../../../../arm-none-eabi/lib/thumb/v7e-m/nofp\libc.a(lib_a-init.o)
                0x0000116c                __libc_init_array
 .text.memset   0x000011b4       0x10 b:/nxp/s32ds/build_tools/gcc_v11.4/gcc-11.4-arm32-eabi/bin/../lib/gcc/arm-none-eabi/11.4.0/../../../../arm-none-eabi/lib/thumb/v7e-m/nofp\libc.a(lib_a-memset.o)
                0x000011b4                memset
 .text.startup.register_fini
                0x000011c4       0x14 b:/nxp/s32ds/build_tools/gcc_v11.4/gcc-11.4-arm32-eabi/bin/../lib/gcc/arm-none-eabi/11.4.0/../../../../arm-none-eabi/lib/thumb/v7e-m/nofp\libc.a(lib_a-__call_atexit.o)
 .text.__call_exitprocs
                0x000011d8       0xa4 b:/nxp/s32ds/build_tools/gcc_v11.4/gcc-11.4-arm32-eabi/bin/../lib/gcc/arm-none-eabi/11.4.0/../../../../arm-none-eabi/lib/thumb/v7e-m/nofp\libc.a(lib_a-__call_atexit.o)
                0x000011d8                __call_exitprocs
 .text.__libc_fini_array
                0x0000127c       0x28 b:/nxp/s32ds/build_tools/gcc_v11.4/gcc-11.4-arm32-eabi/bin/../lib/gcc/arm-none-eabi/11.4.0/../../../../arm-none-eabi/lib/thumb/v7e-m/nofp\libc.a(lib_a-fini.o)
                0x0000127c                __libc_fini_array
 .text.atexit   0x000012a4        0xc b:/nxp/s32ds/build_tools/gcc_v11.4/gcc-11.4-arm32-eabi/bin/../lib/gcc/arm-none-eabi/11.4.0/../../../../arm-none-eabi/lib/thumb/v7e-m/nofp\libc.a(lib_a-atexit.o)
                0x000012a4                atexit
 .text.__register_exitproc
                0x000012b0       0x64 b:/nxp/s32ds/build_tools/gcc_v11.4/gcc-11.4-arm32-eabi/bin/../lib/gcc/arm-none-eabi/11.4.0/../../../../arm-none-eabi/lib/thumb/v7e-m/nofp\libc.a(lib_a-__atexit.o)
                0x000012b0                __register_exitproc
 .text.findslot
                0x00001314       0x34 b:/nxp/s32ds/build_tools/gcc_v11.4/gcc-11.4-arm32-eabi/bin/../lib/gcc/arm-none-eabi/11.4.0/../../../../arm-none-eabi/lib/thumb/v7e-m/nofp\librdimon.a(rdimon-syscalls.o)
 .text.error    0x00001348       0x1c b:/nxp/s32ds/build_tools/gcc_v11.4/gcc-11.4-arm32-eabi/bin/../lib/gcc/arm-none-eabi/11.4.0/../../../../arm-none-eabi/lib/thumb/v7e-m/nofp\librdimon.a(rdimon-syscalls.o)
 .text.checkerror
                0x00001364        0xa b:/nxp/s32ds/build_tools/gcc_v11.4/gcc-11.4-arm32-eabi/bin/../lib/gcc/arm-none-eabi/11.4.0/../../../../arm-none-eabi/lib/thumb/v7e-m/nofp\librdimon.a(rdimon-syscalls.o)
 .text._swiread
                0x0000136e       0x20 b:/nxp/s32ds/build_tools/gcc_v11.4/gcc-11.4-arm32-eabi/bin/../lib/gcc/arm-none-eabi/11.4.0/../../../../arm-none-eabi/lib/thumb/v7e-m/nofp\librdimon.a(rdimon-syscalls.o)
                0x0000136e                _swiread
 .text._read    0x0000138e       0x34 b:/nxp/s32ds/build_tools/gcc_v11.4/gcc-11.4-arm32-eabi/bin/../lib/gcc/arm-none-eabi/11.4.0/../../../../arm-none-eabi/lib/thumb/v7e-m/nofp\librdimon.a(rdimon-syscalls.o)
                0x0000138e                _read
 .text._swilseek
                0x000013c2       0x78 b:/nxp/s32ds/build_tools/gcc_v11.4/gcc-11.4-arm32-eabi/bin/../lib/gcc/arm-none-eabi/11.4.0/../../../../arm-none-eabi/lib/thumb/v7e-m/nofp\librdimon.a(rdimon-syscalls.o)
                0x000013c2                _swilseek
 .text._lseek   0x0000143a        0x4 b:/nxp/s32ds/build_tools/gcc_v11.4/gcc-11.4-arm32-eabi/bin/../lib/gcc/arm-none-eabi/11.4.0/../../../../arm-none-eabi/lib/thumb/v7e-m/nofp\librdimon.a(rdimon-syscalls.o)
                0x0000143a                _lseek
 .text._swiwrite
                0x0000143e       0x20 b:/nxp/s32ds/build_tools/gcc_v11.4/gcc-11.4-arm32-eabi/bin/../lib/gcc/arm-none-eabi/11.4.0/../../../../arm-none-eabi/lib/thumb/v7e-m/nofp\librdimon.a(rdimon-syscalls.o)
                0x0000143e                _swiwrite
 .text._write   0x0000145e       0x40 b:/nxp/s32ds/build_tools/gcc_v11.4/gcc-11.4-arm32-eabi/bin/../lib/gcc/arm-none-eabi/11.4.0/../../../../arm-none-eabi/lib/thumb/v7e-m/nofp\librdimon.a(rdimon-syscalls.o)
                0x0000145e                _write
 .text._swiclose
                0x0000149e       0x1a b:/nxp/s32ds/build_tools/gcc_v11.4/gcc-11.4-arm32-eabi/bin/../lib/gcc/arm-none-eabi/11.4.0/../../../../arm-none-eabi/lib/thumb/v7e-m/nofp\librdimon.a(rdimon-syscalls.o)
                0x0000149e                _swiclose
 .text._close   0x000014b8       0x4c b:/nxp/s32ds/build_tools/gcc_v11.4/gcc-11.4-arm32-eabi/bin/../lib/gcc/arm-none-eabi/11.4.0/../../../../arm-none-eabi/lib/thumb/v7e-m/nofp\librdimon.a(rdimon-syscalls.o)
                0x000014b8                _close
 .text._sbrk    0x00001504       0x48 b:/nxp/s32ds/build_tools/gcc_v11.4/gcc-11.4-arm32-eabi/bin/../lib/gcc/arm-none-eabi/11.4.0/../../../../arm-none-eabi/lib/thumb/v7e-m/nofp\librdimon.a(rdimon-syscalls.o)
                0x00001504                _sbrk
 .text._swistat
                0x0000154c       0x42 b:/nxp/s32ds/build_tools/gcc_v11.4/gcc-11.4-arm32-eabi/bin/../lib/gcc/arm-none-eabi/11.4.0/../../../../arm-none-eabi/lib/thumb/v7e-m/nofp\librdimon.a(rdimon-syscalls.o)
                0x0000154c                _swistat
 .text._stat    0x0000158e       0x3a b:/nxp/s32ds/build_tools/gcc_v11.4/gcc-11.4-arm32-eabi/bin/../lib/gcc/arm-none-eabi/11.4.0/../../../../arm-none-eabi/lib/thumb/v7e-m/nofp\librdimon.a(rdimon-syscalls.o)
                0x0000158e                _stat
 .text._swiopen
                0x000015c8       0xb4 b:/nxp/s32ds/build_tools/gcc_v11.4/gcc-11.4-arm32-eabi/bin/../lib/gcc/arm-none-eabi/11.4.0/../../../../arm-none-eabi/lib/thumb/v7e-m/nofp\librdimon.a(rdimon-syscalls.o)
                0x000015c8                _swiopen
 .text._get_semihosting_exts
                0x0000167c       0xb8 b:/nxp/s32ds/build_tools/gcc_v11.4/gcc-11.4-arm32-eabi/bin/../lib/gcc/arm-none-eabi/11.4.0/../../../../arm-none-eabi/lib/thumb/v7e-m/nofp\librdimon.a(rdimon-syscalls.o)
                0x0000167c                _get_semihosting_exts
 .text.initialise_semihosting_exts
                0x00001734       0x34 b:/nxp/s32ds/build_tools/gcc_v11.4/gcc-11.4-arm32-eabi/bin/../lib/gcc/arm-none-eabi/11.4.0/../../../../arm-none-eabi/lib/thumb/v7e-m/nofp\librdimon.a(rdimon-syscalls.o)
 .text._has_ext_exit_extended
                0x00001768       0x18 b:/nxp/s32ds/build_tools/gcc_v11.4/gcc-11.4-arm32-eabi/bin/../lib/gcc/arm-none-eabi/11.4.0/../../../../arm-none-eabi/lib/thumb/v7e-m/nofp\librdimon.a(rdimon-syscalls.o)
                0x00001768                _has_ext_exit_extended
 .text._has_ext_stdout_stderr
                0x00001780       0x18 b:/nxp/s32ds/build_tools/gcc_v11.4/gcc-11.4-arm32-eabi/bin/../lib/gcc/arm-none-eabi/11.4.0/../../../../arm-none-eabi/lib/thumb/v7e-m/nofp\librdimon.a(rdimon-syscalls.o)
                0x00001780                _has_ext_stdout_stderr
 .text.initialise_monitor_handles
                0x00001798       0xc0 b:/nxp/s32ds/build_tools/gcc_v11.4/gcc-11.4-arm32-eabi/bin/../lib/gcc/arm-none-eabi/11.4.0/../../../../arm-none-eabi/lib/thumb/v7e-m/nofp\librdimon.a(rdimon-syscalls.o)
                0x00001798                initialise_monitor_handles
 .text._exit    0x00001858       0x14 b:/nxp/s32ds/build_tools/gcc_v11.4/gcc-11.4-arm32-eabi/bin/../lib/gcc/arm-none-eabi/11.4.0/../../../../arm-none-eabi/lib/thumb/v7e-m/nofp\librdimon.a(rdimon-_exit.o)
                0x00001858                _exit
 .text._kill_shared
                0x0000186c       0x26 b:/nxp/s32ds/build_tools/gcc_v11.4/gcc-11.4-arm32-eabi/bin/../lib/gcc/arm-none-eabi/11.4.0/../../../../arm-none-eabi/lib/thumb/v7e-m/nofp\librdimon.a(rdimon-_kill.o)
                0x0000186c                _kill_shared
 *fill*         0x00001892        0x2 
 .text.__errno  0x00001894        0xc b:/nxp/s32ds/build_tools/gcc_v11.4/gcc-11.4-arm32-eabi/bin/../lib/gcc/arm-none-eabi/11.4.0/../../../../arm-none-eabi/lib/thumb/v7e-m/nofp\libc.a(lib_a-errno.o)
                0x00001894                __errno
 .text.std      0x000018a0       0x48 b:/nxp/s32ds/build_tools/gcc_v11.4/gcc-11.4-arm32-eabi/bin/../lib/gcc/arm-none-eabi/11.4.0/../../../../arm-none-eabi/lib/thumb/v7e-m/nofp\libc.a(lib_a-findfp.o)
 .text._cleanup_r
                0x000018e8        0xc b:/nxp/s32ds/build_tools/gcc_v11.4/gcc-11.4-arm32-eabi/bin/../lib/gcc/arm-none-eabi/11.4.0/../../../../arm-none-eabi/lib/thumb/v7e-m/nofp\libc.a(lib_a-findfp.o)
                0x000018e8                _cleanup_r
 .text.__sinit  0x000018f4       0x44 b:/nxp/s32ds/build_tools/gcc_v11.4/gcc-11.4-arm32-eabi/bin/../lib/gcc/arm-none-eabi/11.4.0/../../../../arm-none-eabi/lib/thumb/v7e-m/nofp\libc.a(lib_a-findfp.o)
                0x000018f4                __sinit
 .text._fwalk_reent
                0x00001938       0x3e b:/nxp/s32ds/build_tools/gcc_v11.4/gcc-11.4-arm32-eabi/bin/../lib/gcc/arm-none-eabi/11.4.0/../../../../arm-none-eabi/lib/thumb/v7e-m/nofp\libc.a(lib_a-fwalk.o)
                0x00001938                _fwalk_reent
 .text.__malloc_lock
                0x00001976        0x2 b:/nxp/s32ds/build_tools/gcc_v11.4/gcc-11.4-arm32-eabi/bin/../lib/gcc/arm-none-eabi/11.4.0/../../../../arm-none-eabi/lib/thumb/v7e-m/nofp\libc.a(lib_a-mlock.o)
                0x00001976                __malloc_lock
 .text.__malloc_unlock
                0x00001978        0x2 b:/nxp/s32ds/build_tools/gcc_v11.4/gcc-11.4-arm32-eabi/bin/../lib/gcc/arm-none-eabi/11.4.0/../../../../arm-none-eabi/lib/thumb/v7e-m/nofp\libc.a(lib_a-mlock.o)
                0x00001978                __malloc_unlock
 *fill*         0x0000197a        0x2 
 .text._sbrk_r  0x0000197c       0x20 b:/nxp/s32ds/build_tools/gcc_v11.4/gcc-11.4-arm32-eabi/bin/../lib/gcc/arm-none-eabi/11.4.0/../../../../arm-none-eabi/lib/thumb/v7e-m/nofp\libc.a(lib_a-sbrkr.o)
                0x0000197c                _sbrk_r
 .text.__sread  0x0000199c       0x22 b:/nxp/s32ds/build_tools/gcc_v11.4/gcc-11.4-arm32-eabi/bin/../lib/gcc/arm-none-eabi/11.4.0/../../../../arm-none-eabi/lib/thumb/v7e-m/nofp\libc.a(lib_a-stdio.o)
                0x0000199c                __sread
 .text.__swrite
                0x000019be       0x38 b:/nxp/s32ds/build_tools/gcc_v11.4/gcc-11.4-arm32-eabi/bin/../lib/gcc/arm-none-eabi/11.4.0/../../../../arm-none-eabi/lib/thumb/v7e-m/nofp\libc.a(lib_a-stdio.o)
                0x000019be                __swrite
 .text.__sseek  0x000019f6       0x24 b:/nxp/s32ds/build_tools/gcc_v11.4/gcc-11.4-arm32-eabi/bin/../lib/gcc/arm-none-eabi/11.4.0/../../../../arm-none-eabi/lib/thumb/v7e-m/nofp\libc.a(lib_a-stdio.o)
                0x000019f6                __sseek
 .text.__sclose
                0x00001a1a        0x8 b:/nxp/s32ds/build_tools/gcc_v11.4/gcc-11.4-arm32-eabi/bin/../lib/gcc/arm-none-eabi/11.4.0/../../../../arm-none-eabi/lib/thumb/v7e-m/nofp\libc.a(lib_a-stdio.o)
                0x00001a1a                __sclose
 *fill*         0x00001a22        0x2 
 .text._write_r
                0x00001a24       0x24 b:/nxp/s32ds/build_tools/gcc_v11.4/gcc-11.4-arm32-eabi/bin/../lib/gcc/arm-none-eabi/11.4.0/../../../../arm-none-eabi/lib/thumb/v7e-m/nofp\libc.a(lib_a-writer.o)
                0x00001a24                _write_r
 .text._close_r
                0x00001a48       0x20 b:/nxp/s32ds/build_tools/gcc_v11.4/gcc-11.4-arm32-eabi/bin/../lib/gcc/arm-none-eabi/11.4.0/../../../../arm-none-eabi/lib/thumb/v7e-m/nofp\libc.a(lib_a-closer.o)
                0x00001a48                _close_r
 .text._fclose_r
                0x00001a68       0x74 b:/nxp/s32ds/build_tools/gcc_v11.4/gcc-11.4-arm32-eabi/bin/../lib/gcc/arm-none-eabi/11.4.0/../../../../arm-none-eabi/lib/thumb/v7e-m/nofp\libc.a(lib_a-fclose.o)
                0x00001a68                _fclose_r
 .text.__sflush_r
                0x00001adc      0x114 b:/nxp/s32ds/build_tools/gcc_v11.4/gcc-11.4-arm32-eabi/bin/../lib/gcc/arm-none-eabi/11.4.0/../../../../arm-none-eabi/lib/thumb/v7e-m/nofp\libc.a(lib_a-fflush.o)
                0x00001adc                __sflush_r
 .text._malloc_trim_r
                0x00001bf0       0xa0 b:/nxp/s32ds/build_tools/gcc_v11.4/gcc-11.4-arm32-eabi/bin/../lib/gcc/arm-none-eabi/11.4.0/../../../../arm-none-eabi/lib/thumb/v7e-m/nofp\libc.a(lib_a-freer.o)
                0x00001bf0                _malloc_trim_r
 .text._free_r  0x00001c90      0x180 b:/nxp/s32ds/build_tools/gcc_v11.4/gcc-11.4-arm32-eabi/bin/../lib/gcc/arm-none-eabi/11.4.0/../../../../arm-none-eabi/lib/thumb/v7e-m/nofp\libc.a(lib_a-freer.o)
                0x00001c90                _free_r
 .text._lseek_r
                0x00001e10       0x24 b:/nxp/s32ds/build_tools/gcc_v11.4/gcc-11.4-arm32-eabi/bin/../lib/gcc/arm-none-eabi/11.4.0/../../../../arm-none-eabi/lib/thumb/v7e-m/nofp\libc.a(lib_a-lseekr.o)
                0x00001e10                _lseek_r
 .text._read_r  0x00001e34       0x24 b:/nxp/s32ds/build_tools/gcc_v11.4/gcc-11.4-arm32-eabi/bin/../lib/gcc/arm-none-eabi/11.4.0/../../../../arm-none-eabi/lib/thumb/v7e-m/nofp\libc.a(lib_a-readr.o)
                0x00001e34                _read_r
 *(.rodata)
 *(.rodata*)
 .rodata.Driver_GPIO0
                0x00001e58       0x1c ./src/Driver/src/driver_gpio.o
                0x00001e58                Driver_GPIO0
 .rodata._global_impure_ptr
                0x00001e74        0x4 b:/nxp/s32ds/build_tools/gcc_v11.4/gcc-11.4-arm32-eabi/bin/../lib/gcc/arm-none-eabi/11.4.0/../../../../arm-none-eabi/lib/thumb/v7e-m/nofp\libc.a(lib_a-impure.o)
                0x00001e74                _global_impure_ptr
 .rodata._get_semihosting_exts.str1.1
                0x00001e78       0x16 b:/nxp/s32ds/build_tools/gcc_v11.4/gcc-11.4-arm32-eabi/bin/../lib/gcc/arm-none-eabi/11.4.0/../../../../arm-none-eabi/lib/thumb/v7e-m/nofp\librdimon.a(rdimon-syscalls.o)
 .rodata.initialise_monitor_handles.str1.1
                0x00001e8e        0x4 b:/nxp/s32ds/build_tools/gcc_v11.4/gcc-11.4-arm32-eabi/bin/../lib/gcc/arm-none-eabi/11.4.0/../../../../arm-none-eabi/lib/thumb/v7e-m/nofp\librdimon.a(rdimon-syscalls.o)
 *(.glue_7)
 .glue_7        0x00001e92        0x0 linker stubs
 *(.glue_7t)
 .glue_7t       0x00001e92        0x0 linker stubs
 *(.eh_frame)
 *fill*         0x00001e92        0x2 
 .eh_frame      0x00001e94        0x0 b:/nxp/s32ds/build_tools/gcc_v11.4/gcc-11.4-arm32-eabi/bin/../lib/gcc/arm-none-eabi/11.4.0/thumb/v7e-m/nofp/crtbegin.o
 *(.init)
 .init          0x00001e94        0x4 b:/nxp/s32ds/build_tools/gcc_v11.4/gcc-11.4-arm32-eabi/bin/../lib/gcc/arm-none-eabi/11.4.0/thumb/v7e-m/nofp/crti.o
                0x00001e94                _init
 .init          0x00001e98        0x8 b:/nxp/s32ds/build_tools/gcc_v11.4/gcc-11.4-arm32-eabi/bin/../lib/gcc/arm-none-eabi/11.4.0/thumb/v7e-m/nofp/crtn.o
 *(.fini)
 .fini          0x00001ea0        0x4 b:/nxp/s32ds/build_tools/gcc_v11.4/gcc-11.4-arm32-eabi/bin/../lib/gcc/arm-none-eabi/11.4.0/thumb/v7e-m/nofp/crti.o
                0x00001ea0                _fini
 .fini          0x00001ea4        0x8 b:/nxp/s32ds/build_tools/gcc_v11.4/gcc-11.4-arm32-eabi/bin/../lib/gcc/arm-none-eabi/11.4.0/thumb/v7e-m/nofp/crtn.o
                0x00001eac                . = ALIGN (0x4)

.vfp11_veneer   0x00001eac        0x0
 .vfp11_veneer  0x00001eac        0x0 linker stubs

.v4_bx          0x00001eac        0x0
 .v4_bx         0x00001eac        0x0 linker stubs

.iplt           0x00001eac        0x0
 .iplt          0x00001eac        0x0 b:/nxp/s32ds/build_tools/gcc_v11.4/gcc-11.4-arm32-eabi/bin/../lib/gcc/arm-none-eabi/11.4.0/thumb/v7e-m/nofp/crtbegin.o

.ARM.extab
 *(.ARM.extab* .gnu.linkonce.armextab.*)

.ARM            0x00001eac        0x8
                0x00001eac                __exidx_start = .
 *(.ARM.exidx*)
 .ARM.exidx     0x00001eac        0x8 b:/nxp/s32ds/build_tools/gcc_v11.4/gcc-11.4-arm32-eabi/bin/../lib/gcc/arm-none-eabi/11.4.0/../../../../arm-none-eabi/lib/thumb/v7e-m/nofp/rdimon-crt0.o
                                 0x10 (size before relaxing)
                0x00001eb4                __exidx_end = .

.rel.dyn        0x00001eb4        0x0
 .rel.iplt      0x00001eb4        0x0 b:/nxp/s32ds/build_tools/gcc_v11.4/gcc-11.4-arm32-eabi/bin/../lib/gcc/arm-none-eabi/11.4.0/thumb/v7e-m/nofp/crtbegin.o

.ctors          0x00001eb4        0x0
                0x00001eb4                __CTOR_LIST__ = .
 *crtbegin.o(.ctors)
 *crtbegin?.o(.ctors)
 *(EXCLUDE_FILE(*crtend.o *crtend?.o) .ctors)
 *(SORT_BY_NAME(.ctors.*))
 *(.ctors)
                0x00001eb4                __CTOR_END__ = .

.dtors          0x00001eb4        0x0
                0x00001eb4                __DTOR_LIST__ = .
 *crtbegin.o(.dtors)
 *crtbegin?.o(.dtors)
 *(EXCLUDE_FILE(*crtend.o *crtend?.o) .dtors)
 *(SORT_BY_NAME(.dtors.*))
 *(.dtors)
                0x00001eb4                __DTOR_END__ = .

.preinit_array  0x00001eb4        0x0
                0x00001eb4                PROVIDE (__preinit_array_start = .)
 *(.preinit_array*)
                0x00001eb4                PROVIDE (__preinit_array_end = .)

.init_array     0x00001eb4        0x8
                0x00001eb4                PROVIDE (__init_array_start = .)
 *(SORT_BY_NAME(.init_array.*))
 .init_array.00000
                0x00001eb4        0x4 b:/nxp/s32ds/build_tools/gcc_v11.4/gcc-11.4-arm32-eabi/bin/../lib/gcc/arm-none-eabi/11.4.0/../../../../arm-none-eabi/lib/thumb/v7e-m/nofp\libc.a(lib_a-__call_atexit.o)
 *(.init_array*)
 .init_array    0x00001eb8        0x4 b:/nxp/s32ds/build_tools/gcc_v11.4/gcc-11.4-arm32-eabi/bin/../lib/gcc/arm-none-eabi/11.4.0/thumb/v7e-m/nofp/crtbegin.o
                0x00001ebc                PROVIDE (__init_array_end = .)

.fini_array     0x00001ebc        0x4
                0x00001ebc                PROVIDE (__fini_array_start = .)
 *(SORT_BY_NAME(.fini_array.*))
 *(.fini_array*)
 .fini_array    0x00001ebc        0x4 b:/nxp/s32ds/build_tools/gcc_v11.4/gcc-11.4-arm32-eabi/bin/../lib/gcc/arm-none-eabi/11.4.0/thumb/v7e-m/nofp/crtbegin.o
                0x00001ec0                PROVIDE (__fini_array_end = .)
                0x00001ec0                __etext = .
                0x00001ec0                __DATA_ROM = .

.interrupts_ram
                0x1fff8000      0x400
                0x1fff8000                . = ALIGN (0x4)
                0x1fff8000                __VECTOR_RAM__ = .
                0x1fff8000                __RAM_START = .
                0x1fff8000                __interrupts_ram_start__ = .
 *(.m_interrupts_ram)
                0x1fff8400                . = (. + M_VECTOR_RAM_SIZE)
 *fill*         0x1fff8000      0x400 
                0x1fff8400                . = ALIGN (0x4)
                0x1fff8400                __interrupts_ram_end__ = .
                0x1fff8000                __VECTOR_RAM = DEFINED (__flash_vector_table__)?ORIGIN (m_interrupts):__VECTOR_RAM__
                0x00000400                __RAM_VECTOR_TABLE_SIZE = DEFINED (__flash_vector_table__)?0x0:(__interrupts_ram_end__ - __interrupts_ram_start__)

.data           0x1fff8400      0x954 load address 0x00001ec0
                0x1fff8400                . = ALIGN (0x4)
                0x1fff8400                __DATA_RAM = .
                0x1fff8400                __data_start__ = .
 *(.data)
 .data          0x1fff8400      0x118 b:/nxp/s32ds/build_tools/gcc_v11.4/gcc-11.4-arm32-eabi/bin/../lib/gcc/arm-none-eabi/11.4.0/../../../../arm-none-eabi/lib/thumb/v7e-m/nofp/rdimon-crt0.o
                0x1fff8408                __stack_base__
 *(.data*)
 .data._impure_ptr
                0x1fff8518        0x4 b:/nxp/s32ds/build_tools/gcc_v11.4/gcc-11.4-arm32-eabi/bin/../lib/gcc/arm-none-eabi/11.4.0/../../../../arm-none-eabi/lib/thumb/v7e-m/nofp\libc.a(lib_a-impure.o)
                0x1fff8518                _impure_ptr
 *fill*         0x1fff851c        0x4 
 .data.impure_data
                0x1fff8520      0x418 b:/nxp/s32ds/build_tools/gcc_v11.4/gcc-11.4-arm32-eabi/bin/../lib/gcc/arm-none-eabi/11.4.0/../../../../arm-none-eabi/lib/thumb/v7e-m/nofp\libc.a(lib_a-impure.o)
 .data.__heap_limit
                0x1fff8938        0x4 b:/nxp/s32ds/build_tools/gcc_v11.4/gcc-11.4-arm32-eabi/bin/../lib/gcc/arm-none-eabi/11.4.0/../../../../arm-none-eabi/lib/thumb/v7e-m/nofp\librdimon.a(rdimon-syscalls.o)
 .data.supports_ext_exit_extended
                0x1fff893c        0x4 b:/nxp/s32ds/build_tools/gcc_v11.4/gcc-11.4-arm32-eabi/bin/../lib/gcc/arm-none-eabi/11.4.0/../../../../arm-none-eabi/lib/thumb/v7e-m/nofp\librdimon.a(rdimon-syscalls.o)
 .data.supports_ext_stdout_stderr
                0x1fff8940        0x4 b:/nxp/s32ds/build_tools/gcc_v11.4/gcc-11.4-arm32-eabi/bin/../lib/gcc/arm-none-eabi/11.4.0/../../../../arm-none-eabi/lib/thumb/v7e-m/nofp\librdimon.a(rdimon-syscalls.o)
 .data.__malloc_av_
                0x1fff8944      0x408 b:/nxp/s32ds/build_tools/gcc_v11.4/gcc-11.4-arm32-eabi/bin/../lib/gcc/arm-none-eabi/11.4.0/../../../../arm-none-eabi/lib/thumb/v7e-m/nofp\libc.a(lib_a-mallocr.o)
                0x1fff8944                __malloc_av_
 .data.__malloc_sbrk_base
                0x1fff8d4c        0x4 b:/nxp/s32ds/build_tools/gcc_v11.4/gcc-11.4-arm32-eabi/bin/../lib/gcc/arm-none-eabi/11.4.0/../../../../arm-none-eabi/lib/thumb/v7e-m/nofp\libc.a(lib_a-mallocr.o)
                0x1fff8d4c                __malloc_sbrk_base
 .data.__malloc_trim_threshold
                0x1fff8d50        0x4 b:/nxp/s32ds/build_tools/gcc_v11.4/gcc-11.4-arm32-eabi/bin/../lib/gcc/arm-none-eabi/11.4.0/../../../../arm-none-eabi/lib/thumb/v7e-m/nofp\libc.a(lib_a-mallocr.o)
                0x1fff8d50                __malloc_trim_threshold
 *(.jcr*)
                0x1fff8d54                . = ALIGN (0x4)
                0x1fff8d54                __data_end__ = .
                0x00002814                __DATA_END = (__DATA_ROM + (__data_end__ - __data_start__))
                0x00002814                __CODE_ROM = __DATA_END

.tm_clone_table
                0x1fff8d54        0x0 load address 0x00002814
 .tm_clone_table
                0x1fff8d54        0x0 b:/nxp/s32ds/build_tools/gcc_v11.4/gcc-11.4-arm32-eabi/bin/../lib/gcc/arm-none-eabi/11.4.0/thumb/v7e-m/nofp/crtbegin.o
 .tm_clone_table
                0x1fff8d54        0x0 b:/nxp/s32ds/build_tools/gcc_v11.4/gcc-11.4-arm32-eabi/bin/../lib/gcc/arm-none-eabi/11.4.0/thumb/v7e-m/nofp/crtend.o

.igot.plt       0x1fff8d54        0x0 load address 0x00002814
 .igot.plt      0x1fff8d54        0x0 b:/nxp/s32ds/build_tools/gcc_v11.4/gcc-11.4-arm32-eabi/bin/../lib/gcc/arm-none-eabi/11.4.0/thumb/v7e-m/nofp/crtbegin.o

.code           0x1fff8d54        0x0 load address 0x00002814
                0x1fff8d54                . = ALIGN (0x4)
                0x1fff8d54                __CODE_RAM = .
                0x1fff8d54                __code_start__ = .
                0x1fff8d54                __code_ram_start__ = .
 *(.code_ram)
                0x1fff8d54                . = ALIGN (0x4)
                0x1fff8d54                __code_end__ = .
                0x1fff8d54                __code_ram_end__ = .
                0x00002814                __CODE_END = (__CODE_ROM + (__code_end__ - __code_start__))
                0x00002814                __CUSTOM_ROM = __CODE_END

.customSectionBlock
                0x20000000        0x0 load address 0x00002814
                0x20000000                __customSection_start__ = .
 *(.customSection)
                0x20000000                __customSection_end__ = .
                0x00002814                __CUSTOM_END = (__CUSTOM_ROM + (__customSection_end__ - __customSection_start__))

.bss            0x20000000      0x28c
                0x20000000                . = ALIGN (0x4)
                0x20000000                __BSS_START = .
                0x20000000                __bss_start__ = .
 *(.bss)
 .bss           0x20000000       0x1c b:/nxp/s32ds/build_tools/gcc_v11.4/gcc-11.4-arm32-eabi/bin/../lib/gcc/arm-none-eabi/11.4.0/thumb/v7e-m/nofp/crtbegin.o
 *(.bss*)
 .bss.GPIO_Callback_Table
                0x2000001c      0x190 ./src/Driver/src/driver_gpio.o
 .bss.heap_end.0
                0x200001ac        0x4 b:/nxp/s32ds/build_tools/gcc_v11.4/gcc-11.4-arm32-eabi/bin/../lib/gcc/arm-none-eabi/11.4.0/../../../../arm-none-eabi/lib/thumb/v7e-m/nofp\librdimon.a(rdimon-syscalls.o)
 .bss.monitor_stderr
                0x200001b0        0x4 b:/nxp/s32ds/build_tools/gcc_v11.4/gcc-11.4-arm32-eabi/bin/../lib/gcc/arm-none-eabi/11.4.0/../../../../arm-none-eabi/lib/thumb/v7e-m/nofp\librdimon.a(rdimon-syscalls.o)
 .bss.monitor_stdin
                0x200001b4        0x4 b:/nxp/s32ds/build_tools/gcc_v11.4/gcc-11.4-arm32-eabi/bin/../lib/gcc/arm-none-eabi/11.4.0/../../../../arm-none-eabi/lib/thumb/v7e-m/nofp\librdimon.a(rdimon-syscalls.o)
 .bss.monitor_stdout
                0x200001b8        0x4 b:/nxp/s32ds/build_tools/gcc_v11.4/gcc-11.4-arm32-eabi/bin/../lib/gcc/arm-none-eabi/11.4.0/../../../../arm-none-eabi/lib/thumb/v7e-m/nofp\librdimon.a(rdimon-syscalls.o)
 .bss.openfiles
                0x200001bc       0xa0 b:/nxp/s32ds/build_tools/gcc_v11.4/gcc-11.4-arm32-eabi/bin/../lib/gcc/arm-none-eabi/11.4.0/../../../../arm-none-eabi/lib/thumb/v7e-m/nofp\librdimon.a(rdimon-syscalls.o)
 .bss.__malloc_current_mallinfo
                0x2000025c       0x28 b:/nxp/s32ds/build_tools/gcc_v11.4/gcc-11.4-arm32-eabi/bin/../lib/gcc/arm-none-eabi/11.4.0/../../../../arm-none-eabi/lib/thumb/v7e-m/nofp\libc.a(lib_a-mallocr.o)
                0x2000025c                __malloc_current_mallinfo
 .bss.__malloc_top_pad
                0x20000284        0x4 b:/nxp/s32ds/build_tools/gcc_v11.4/gcc-11.4-arm32-eabi/bin/../lib/gcc/arm-none-eabi/11.4.0/../../../../arm-none-eabi/lib/thumb/v7e-m/nofp\libc.a(lib_a-mallocr.o)
                0x20000284                __malloc_top_pad
 .bss.errno     0x20000288        0x4 b:/nxp/s32ds/build_tools/gcc_v11.4/gcc-11.4-arm32-eabi/bin/../lib/gcc/arm-none-eabi/11.4.0/../../../../arm-none-eabi/lib/thumb/v7e-m/nofp\libc.a(lib_a-reent.o)
                0x20000288                errno
 *(COMMON)
                0x2000028c                . = ALIGN (0x4)
                0x2000028c                __bss_end__ = .
                0x2000028c                __BSS_END = .

.heap           0x2000028c      0x404
                0x20000290                . = ALIGN (0x8)
 *fill*         0x2000028c        0x4 
                0x20000290                __end__ = .
                0x20000290                __heap_start__ = .
                0x20000290                PROVIDE (end = .)
                [!provide]                PROVIDE (_end = .)
                [!provide]                PROVIDE (__end = .)
                0x20000290                __HeapBase = .
                0x20000690                . = (. + HEAP_SIZE)
 *fill*         0x20000290      0x400 
                0x20000690                __HeapLimit = .
                0x20000690                __heap_limit = .
                0x20000690                __heap_end__ = .
                0x20007000                __StackTop = (ORIGIN (m_data_2) + LENGTH (m_data_2))
                0x20006c00                __StackLimit = (__StackTop - STACK_SIZE)
                0x20007000                PROVIDE (__stack = __StackTop)
                0x20007000                __RAM_END = __StackTop

.stack          0x20006c00      0x400
                0x20006c00                . = ALIGN (0x8)
                0x20006c00                __stack_start__ = .
                0x20007000                . = (. + STACK_SIZE)
 *fill*         0x20006c00      0x400 
                0x20007000                __stack_end__ = .
                0x20000000                __START_BSS = __BSS_START
                0x2000028c                __END_BSS = __BSS_END
                0x20007000                __SP_INIT = __StackTop

.ARM.attributes
                0x00000000       0x2a
 *(.ARM.attributes)
 .ARM.attributes
                0x00000000       0x1e b:/nxp/s32ds/build_tools/gcc_v11.4/gcc-11.4-arm32-eabi/bin/../lib/gcc/arm-none-eabi/11.4.0/thumb/v7e-m/nofp/crti.o
 .ARM.attributes
                0x0000001e       0x2e b:/nxp/s32ds/build_tools/gcc_v11.4/gcc-11.4-arm32-eabi/bin/../lib/gcc/arm-none-eabi/11.4.0/thumb/v7e-m/nofp/crtbegin.o
 .ARM.attributes
                0x0000004c       0x1c b:/nxp/s32ds/build_tools/gcc_v11.4/gcc-11.4-arm32-eabi/bin/../lib/gcc/arm-none-eabi/11.4.0/../../../../arm-none-eabi/lib/thumb/v7e-m/nofp/rdimon-crt0.o
 .ARM.attributes
                0x00000068       0x2e ./Project_Settings/Startup_Code/startup.o
 .ARM.attributes
                0x00000096       0x1b ./Project_Settings/Startup_Code/startup_S32K144.o
 .ARM.attributes
                0x000000b1       0x2e ./Project_Settings/Startup_Code/system_S32K144.o
 .ARM.attributes
                0x000000df       0x2e ./src/App/main.o
 .ARM.attributes
                0x0000010d       0x2e ./src/Driver/src/driver_gpio.o
 .ARM.attributes
                0x0000013b       0x2e ./src/HAL/src/HAL_gpio.o
 .ARM.attributes
                0x00000169       0x2e b:/nxp/s32ds/build_tools/gcc_v11.4/gcc-11.4-arm32-eabi/bin/../lib/gcc/arm-none-eabi/11.4.0/../../../../arm-none-eabi/lib/thumb/v7e-m/nofp\libc.a(lib_a-exit.o)
 .ARM.attributes
                0x00000197       0x2e b:/nxp/s32ds/build_tools/gcc_v11.4/gcc-11.4-arm32-eabi/bin/../lib/gcc/arm-none-eabi/11.4.0/../../../../arm-none-eabi/lib/thumb/v7e-m/nofp\libc.a(lib_a-impure.o)
 .ARM.attributes
                0x000001c5       0x2e b:/nxp/s32ds/build_tools/gcc_v11.4/gcc-11.4-arm32-eabi/bin/../lib/gcc/arm-none-eabi/11.4.0/../../../../arm-none-eabi/lib/thumb/v7e-m/nofp\libc.a(lib_a-init.o)
 .ARM.attributes
                0x000001f3       0x2e b:/nxp/s32ds/build_tools/gcc_v11.4/gcc-11.4-arm32-eabi/bin/../lib/gcc/arm-none-eabi/11.4.0/../../../../arm-none-eabi/lib/thumb/v7e-m/nofp\libc.a(lib_a-memset.o)
 .ARM.attributes
                0x00000221       0x2e b:/nxp/s32ds/build_tools/gcc_v11.4/gcc-11.4-arm32-eabi/bin/../lib/gcc/arm-none-eabi/11.4.0/../../../../arm-none-eabi/lib/thumb/v7e-m/nofp\libc.a(lib_a-__call_atexit.o)
 .ARM.attributes
                0x0000024f       0x2e b:/nxp/s32ds/build_tools/gcc_v11.4/gcc-11.4-arm32-eabi/bin/../lib/gcc/arm-none-eabi/11.4.0/../../../../arm-none-eabi/lib/thumb/v7e-m/nofp\libc.a(lib_a-fini.o)
 .ARM.attributes
                0x0000027d       0x2e b:/nxp/s32ds/build_tools/gcc_v11.4/gcc-11.4-arm32-eabi/bin/../lib/gcc/arm-none-eabi/11.4.0/../../../../arm-none-eabi/lib/thumb/v7e-m/nofp\libc.a(lib_a-atexit.o)
 .ARM.attributes
                0x000002ab       0x2e b:/nxp/s32ds/build_tools/gcc_v11.4/gcc-11.4-arm32-eabi/bin/../lib/gcc/arm-none-eabi/11.4.0/../../../../arm-none-eabi/lib/thumb/v7e-m/nofp\libc.a(lib_a-__atexit.o)
 .ARM.attributes
                0x000002d9       0x2e b:/nxp/s32ds/build_tools/gcc_v11.4/gcc-11.4-arm32-eabi/bin/../lib/gcc/arm-none-eabi/11.4.0/../../../../arm-none-eabi/lib/thumb/v7e-m/nofp\librdimon.a(rdimon-syscalls.o)
 .ARM.attributes
                0x00000307       0x2e b:/nxp/s32ds/build_tools/gcc_v11.4/gcc-11.4-arm32-eabi/bin/../lib/gcc/arm-none-eabi/11.4.0/../../../../arm-none-eabi/lib/thumb/v7e-m/nofp\librdimon.a(rdimon-_exit.o)
 .ARM.attributes
                0x00000335       0x2e b:/nxp/s32ds/build_tools/gcc_v11.4/gcc-11.4-arm32-eabi/bin/../lib/gcc/arm-none-eabi/11.4.0/../../../../arm-none-eabi/lib/thumb/v7e-m/nofp\librdimon.a(rdimon-_kill.o)
 .ARM.attributes
                0x00000363       0x2e b:/nxp/s32ds/build_tools/gcc_v11.4/gcc-11.4-arm32-eabi/bin/../lib/gcc/arm-none-eabi/11.4.0/../../../../arm-none-eabi/lib/thumb/v7e-m/nofp\libc.a(lib_a-errno.o)
 .ARM.attributes
                0x00000391       0x2e b:/nxp/s32ds/build_tools/gcc_v11.4/gcc-11.4-arm32-eabi/bin/../lib/gcc/arm-none-eabi/11.4.0/../../../../arm-none-eabi/lib/thumb/v7e-m/nofp\libc.a(lib_a-findfp.o)
 .ARM.attributes
                0x000003bf       0x2e b:/nxp/s32ds/build_tools/gcc_v11.4/gcc-11.4-arm32-eabi/bin/../lib/gcc/arm-none-eabi/11.4.0/../../../../arm-none-eabi/lib/thumb/v7e-m/nofp\libc.a(lib_a-fwalk.o)
 .ARM.attributes
                0x000003ed       0x2e b:/nxp/s32ds/build_tools/gcc_v11.4/gcc-11.4-arm32-eabi/bin/../lib/gcc/arm-none-eabi/11.4.0/../../../../arm-none-eabi/lib/thumb/v7e-m/nofp\libc.a(lib_a-mallocr.o)
 .ARM.attributes
                0x0000041b       0x2e b:/nxp/s32ds/build_tools/gcc_v11.4/gcc-11.4-arm32-eabi/bin/../lib/gcc/arm-none-eabi/11.4.0/../../../../arm-none-eabi/lib/thumb/v7e-m/nofp\libc.a(lib_a-mlock.o)
 .ARM.attributes
                0x00000449       0x2e b:/nxp/s32ds/build_tools/gcc_v11.4/gcc-11.4-arm32-eabi/bin/../lib/gcc/arm-none-eabi/11.4.0/../../../../arm-none-eabi/lib/thumb/v7e-m/nofp\libc.a(lib_a-sbrkr.o)
 .ARM.attributes
                0x00000477       0x2e b:/nxp/s32ds/build_tools/gcc_v11.4/gcc-11.4-arm32-eabi/bin/../lib/gcc/arm-none-eabi/11.4.0/../../../../arm-none-eabi/lib/thumb/v7e-m/nofp\libc.a(lib_a-stdio.o)
 .ARM.attributes
                0x000004a5       0x17 b:/nxp/s32ds/build_tools/gcc_v11.4/gcc-11.4-arm32-eabi/bin/../lib/gcc/arm-none-eabi/11.4.0/../../../../arm-none-eabi/lib/thumb/v7e-m/nofp\libc.a(lib_a-strlen.o)
 .ARM.attributes
                0x000004bc       0x2e b:/nxp/s32ds/build_tools/gcc_v11.4/gcc-11.4-arm32-eabi/bin/../lib/gcc/arm-none-eabi/11.4.0/../../../../arm-none-eabi/lib/thumb/v7e-m/nofp\libc.a(lib_a-writer.o)
 .ARM.attributes
                0x000004ea       0x2e b:/nxp/s32ds/build_tools/gcc_v11.4/gcc-11.4-arm32-eabi/bin/../lib/gcc/arm-none-eabi/11.4.0/../../../../arm-none-eabi/lib/thumb/v7e-m/nofp\libc.a(lib_a-closer.o)
 .ARM.attributes
                0x00000518       0x2e b:/nxp/s32ds/build_tools/gcc_v11.4/gcc-11.4-arm32-eabi/bin/../lib/gcc/arm-none-eabi/11.4.0/../../../../arm-none-eabi/lib/thumb/v7e-m/nofp\libc.a(lib_a-fclose.o)
 .ARM.attributes
                0x00000546       0x2e b:/nxp/s32ds/build_tools/gcc_v11.4/gcc-11.4-arm32-eabi/bin/../lib/gcc/arm-none-eabi/11.4.0/../../../../arm-none-eabi/lib/thumb/v7e-m/nofp\libc.a(lib_a-fflush.o)
 .ARM.attributes
                0x00000574       0x2e b:/nxp/s32ds/build_tools/gcc_v11.4/gcc-11.4-arm32-eabi/bin/../lib/gcc/arm-none-eabi/11.4.0/../../../../arm-none-eabi/lib/thumb/v7e-m/nofp\libc.a(lib_a-freer.o)
 .ARM.attributes
                0x000005a2       0x2e b:/nxp/s32ds/build_tools/gcc_v11.4/gcc-11.4-arm32-eabi/bin/../lib/gcc/arm-none-eabi/11.4.0/../../../../arm-none-eabi/lib/thumb/v7e-m/nofp\libc.a(lib_a-lseekr.o)
 .ARM.attributes
                0x000005d0       0x2e b:/nxp/s32ds/build_tools/gcc_v11.4/gcc-11.4-arm32-eabi/bin/../lib/gcc/arm-none-eabi/11.4.0/../../../../arm-none-eabi/lib/thumb/v7e-m/nofp\libc.a(lib_a-readr.o)
 .ARM.attributes
                0x000005fe       0x2e b:/nxp/s32ds/build_tools/gcc_v11.4/gcc-11.4-arm32-eabi/bin/../lib/gcc/arm-none-eabi/11.4.0/../../../../arm-none-eabi/lib/thumb/v7e-m/nofp\libc.a(lib_a-reent.o)
 .ARM.attributes
                0x0000062c       0x2e b:/nxp/s32ds/build_tools/gcc_v11.4/gcc-11.4-arm32-eabi/bin/../lib/gcc/arm-none-eabi/11.4.0/thumb/v7e-m/nofp/crtend.o
 .ARM.attributes
                0x0000065a       0x1e b:/nxp/s32ds/build_tools/gcc_v11.4/gcc-11.4-arm32-eabi/bin/../lib/gcc/arm-none-eabi/11.4.0/thumb/v7e-m/nofp/crtn.o
                0x00000001                ASSERT ((__StackLimit >= __HeapLimit), region m_data_2 overflowed with stack and heap)
OUTPUT(test_asg1.elf elf32-littlearm)
LOAD linker stubs

.comment        0x00000000       0x88
 .comment       0x00000000       0x88 b:/nxp/s32ds/build_tools/gcc_v11.4/gcc-11.4-arm32-eabi/bin/../lib/gcc/arm-none-eabi/11.4.0/thumb/v7e-m/nofp/crtbegin.o
                                 0x89 (size before relaxing)
 .comment       0x00000088       0x89 ./Project_Settings/Startup_Code/startup.o
 .comment       0x00000088       0x89 ./Project_Settings/Startup_Code/system_S32K144.o
 .comment       0x00000088       0x89 ./src/App/main.o
 .comment       0x00000088       0x89 ./src/Driver/src/driver_gpio.o
 .comment       0x00000088       0x89 ./src/HAL/src/HAL_gpio.o
 .comment       0x00000088       0x89 b:/nxp/s32ds/build_tools/gcc_v11.4/gcc-11.4-arm32-eabi/bin/../lib/gcc/arm-none-eabi/11.4.0/../../../../arm-none-eabi/lib/thumb/v7e-m/nofp\libc.a(lib_a-exit.o)
 .comment       0x00000088       0x89 b:/nxp/s32ds/build_tools/gcc_v11.4/gcc-11.4-arm32-eabi/bin/../lib/gcc/arm-none-eabi/11.4.0/../../../../arm-none-eabi/lib/thumb/v7e-m/nofp\libc.a(lib_a-impure.o)
 .comment       0x00000088       0x89 b:/nxp/s32ds/build_tools/gcc_v11.4/gcc-11.4-arm32-eabi/bin/../lib/gcc/arm-none-eabi/11.4.0/../../../../arm-none-eabi/lib/thumb/v7e-m/nofp\libc.a(lib_a-init.o)
 .comment       0x00000088       0x89 b:/nxp/s32ds/build_tools/gcc_v11.4/gcc-11.4-arm32-eabi/bin/../lib/gcc/arm-none-eabi/11.4.0/../../../../arm-none-eabi/lib/thumb/v7e-m/nofp\libc.a(lib_a-memset.o)
 .comment       0x00000088       0x89 b:/nxp/s32ds/build_tools/gcc_v11.4/gcc-11.4-arm32-eabi/bin/../lib/gcc/arm-none-eabi/11.4.0/../../../../arm-none-eabi/lib/thumb/v7e-m/nofp\libc.a(lib_a-__call_atexit.o)
 .comment       0x00000088       0x89 b:/nxp/s32ds/build_tools/gcc_v11.4/gcc-11.4-arm32-eabi/bin/../lib/gcc/arm-none-eabi/11.4.0/../../../../arm-none-eabi/lib/thumb/v7e-m/nofp\libc.a(lib_a-fini.o)
 .comment       0x00000088       0x89 b:/nxp/s32ds/build_tools/gcc_v11.4/gcc-11.4-arm32-eabi/bin/../lib/gcc/arm-none-eabi/11.4.0/../../../../arm-none-eabi/lib/thumb/v7e-m/nofp\libc.a(lib_a-atexit.o)
 .comment       0x00000088       0x89 b:/nxp/s32ds/build_tools/gcc_v11.4/gcc-11.4-arm32-eabi/bin/../lib/gcc/arm-none-eabi/11.4.0/../../../../arm-none-eabi/lib/thumb/v7e-m/nofp\libc.a(lib_a-__atexit.o)
 .comment       0x00000088       0x89 b:/nxp/s32ds/build_tools/gcc_v11.4/gcc-11.4-arm32-eabi/bin/../lib/gcc/arm-none-eabi/11.4.0/../../../../arm-none-eabi/lib/thumb/v7e-m/nofp\librdimon.a(rdimon-syscalls.o)
 .comment       0x00000088       0x89 b:/nxp/s32ds/build_tools/gcc_v11.4/gcc-11.4-arm32-eabi/bin/../lib/gcc/arm-none-eabi/11.4.0/../../../../arm-none-eabi/lib/thumb/v7e-m/nofp\librdimon.a(rdimon-_exit.o)
 .comment       0x00000088       0x89 b:/nxp/s32ds/build_tools/gcc_v11.4/gcc-11.4-arm32-eabi/bin/../lib/gcc/arm-none-eabi/11.4.0/../../../../arm-none-eabi/lib/thumb/v7e-m/nofp\librdimon.a(rdimon-_kill.o)
 .comment       0x00000088       0x89 b:/nxp/s32ds/build_tools/gcc_v11.4/gcc-11.4-arm32-eabi/bin/../lib/gcc/arm-none-eabi/11.4.0/../../../../arm-none-eabi/lib/thumb/v7e-m/nofp\libc.a(lib_a-errno.o)
 .comment       0x00000088       0x89 b:/nxp/s32ds/build_tools/gcc_v11.4/gcc-11.4-arm32-eabi/bin/../lib/gcc/arm-none-eabi/11.4.0/../../../../arm-none-eabi/lib/thumb/v7e-m/nofp\libc.a(lib_a-findfp.o)
 .comment       0x00000088       0x89 b:/nxp/s32ds/build_tools/gcc_v11.4/gcc-11.4-arm32-eabi/bin/../lib/gcc/arm-none-eabi/11.4.0/../../../../arm-none-eabi/lib/thumb/v7e-m/nofp\libc.a(lib_a-fwalk.o)
 .comment       0x00000088       0x89 b:/nxp/s32ds/build_tools/gcc_v11.4/gcc-11.4-arm32-eabi/bin/../lib/gcc/arm-none-eabi/11.4.0/../../../../arm-none-eabi/lib/thumb/v7e-m/nofp\libc.a(lib_a-mallocr.o)
 .comment       0x00000088       0x89 b:/nxp/s32ds/build_tools/gcc_v11.4/gcc-11.4-arm32-eabi/bin/../lib/gcc/arm-none-eabi/11.4.0/../../../../arm-none-eabi/lib/thumb/v7e-m/nofp\libc.a(lib_a-mlock.o)
 .comment       0x00000088       0x89 b:/nxp/s32ds/build_tools/gcc_v11.4/gcc-11.4-arm32-eabi/bin/../lib/gcc/arm-none-eabi/11.4.0/../../../../arm-none-eabi/lib/thumb/v7e-m/nofp\libc.a(lib_a-sbrkr.o)
 .comment       0x00000088       0x89 b:/nxp/s32ds/build_tools/gcc_v11.4/gcc-11.4-arm32-eabi/bin/../lib/gcc/arm-none-eabi/11.4.0/../../../../arm-none-eabi/lib/thumb/v7e-m/nofp\libc.a(lib_a-stdio.o)
 .comment       0x00000088       0x89 b:/nxp/s32ds/build_tools/gcc_v11.4/gcc-11.4-arm32-eabi/bin/../lib/gcc/arm-none-eabi/11.4.0/../../../../arm-none-eabi/lib/thumb/v7e-m/nofp\libc.a(lib_a-writer.o)
 .comment       0x00000088       0x89 b:/nxp/s32ds/build_tools/gcc_v11.4/gcc-11.4-arm32-eabi/bin/../lib/gcc/arm-none-eabi/11.4.0/../../../../arm-none-eabi/lib/thumb/v7e-m/nofp\libc.a(lib_a-closer.o)
 .comment       0x00000088       0x89 b:/nxp/s32ds/build_tools/gcc_v11.4/gcc-11.4-arm32-eabi/bin/../lib/gcc/arm-none-eabi/11.4.0/../../../../arm-none-eabi/lib/thumb/v7e-m/nofp\libc.a(lib_a-fclose.o)
 .comment       0x00000088       0x89 b:/nxp/s32ds/build_tools/gcc_v11.4/gcc-11.4-arm32-eabi/bin/../lib/gcc/arm-none-eabi/11.4.0/../../../../arm-none-eabi/lib/thumb/v7e-m/nofp\libc.a(lib_a-fflush.o)
 .comment       0x00000088       0x89 b:/nxp/s32ds/build_tools/gcc_v11.4/gcc-11.4-arm32-eabi/bin/../lib/gcc/arm-none-eabi/11.4.0/../../../../arm-none-eabi/lib/thumb/v7e-m/nofp\libc.a(lib_a-freer.o)
 .comment       0x00000088       0x89 b:/nxp/s32ds/build_tools/gcc_v11.4/gcc-11.4-arm32-eabi/bin/../lib/gcc/arm-none-eabi/11.4.0/../../../../arm-none-eabi/lib/thumb/v7e-m/nofp\libc.a(lib_a-lseekr.o)
 .comment       0x00000088       0x89 b:/nxp/s32ds/build_tools/gcc_v11.4/gcc-11.4-arm32-eabi/bin/../lib/gcc/arm-none-eabi/11.4.0/../../../../arm-none-eabi/lib/thumb/v7e-m/nofp\libc.a(lib_a-readr.o)
 .comment       0x00000088       0x89 b:/nxp/s32ds/build_tools/gcc_v11.4/gcc-11.4-arm32-eabi/bin/../lib/gcc/arm-none-eabi/11.4.0/../../../../arm-none-eabi/lib/thumb/v7e-m/nofp\libc.a(lib_a-reent.o)
 .comment       0x00000088       0x89 b:/nxp/s32ds/build_tools/gcc_v11.4/gcc-11.4-arm32-eabi/bin/../lib/gcc/arm-none-eabi/11.4.0/thumb/v7e-m/nofp/crtend.o

.debug_line     0x00000000     0x14a9
 .debug_line    0x00000000       0xbf b:/nxp/s32ds/build_tools/gcc_v11.4/gcc-11.4-arm32-eabi/bin/../lib/gcc/arm-none-eabi/11.4.0/../../../../arm-none-eabi/lib/thumb/v7e-m/nofp/rdimon-crt0.o
 .debug_line    0x000000bf      0x349 ./Project_Settings/Startup_Code/startup.o
 .debug_line    0x00000408       0x78 ./Project_Settings/Startup_Code/startup_S32K144.o
 .debug_line    0x00000480      0x37d ./Project_Settings/Startup_Code/system_S32K144.o
 .debug_line    0x000007fd      0x30f ./src/App/main.o
 .debug_line    0x00000b0c      0x3f6 ./src/Driver/src/driver_gpio.o
 .debug_line    0x00000f02      0x5a7 ./src/HAL/src/HAL_gpio.o

.debug_line_str
                0x00000000       0xf9
 .debug_line_str
                0x00000000       0xa0 b:/nxp/s32ds/build_tools/gcc_v11.4/gcc-11.4-arm32-eabi/bin/../lib/gcc/arm-none-eabi/11.4.0/../../../../arm-none-eabi/lib/thumb/v7e-m/nofp/rdimon-crt0.o
                                 0xa7 (size before relaxing)
 .debug_line_str
                0x000000a0       0x59 ./Project_Settings/Startup_Code/startup_S32K144.o
                                 0x6b (size before relaxing)

.debug_info     0x00000000     0x1929
 .debug_info    0x00000000       0x25 b:/nxp/s32ds/build_tools/gcc_v11.4/gcc-11.4-arm32-eabi/bin/../lib/gcc/arm-none-eabi/11.4.0/../../../../arm-none-eabi/lib/thumb/v7e-m/nofp/rdimon-crt0.o
 .debug_info    0x00000025      0x419 ./Project_Settings/Startup_Code/startup.o
 .debug_info    0x0000043e       0x24 ./Project_Settings/Startup_Code/startup_S32K144.o
 .debug_info    0x00000462      0x54b ./Project_Settings/Startup_Code/system_S32K144.o
 .debug_info    0x000009ad      0x3a5 ./src/App/main.o
 .debug_info    0x00000d52      0x4e1 ./src/Driver/src/driver_gpio.o
 .debug_info    0x00001233      0x6f6 ./src/HAL/src/HAL_gpio.o

.debug_abbrev   0x00000000      0x6e5
 .debug_abbrev  0x00000000       0x14 b:/nxp/s32ds/build_tools/gcc_v11.4/gcc-11.4-arm32-eabi/bin/../lib/gcc/arm-none-eabi/11.4.0/../../../../arm-none-eabi/lib/thumb/v7e-m/nofp/rdimon-crt0.o
 .debug_abbrev  0x00000014      0x120 ./Project_Settings/Startup_Code/startup.o
 .debug_abbrev  0x00000134       0x14 ./Project_Settings/Startup_Code/startup_S32K144.o
 .debug_abbrev  0x00000148      0x145 ./Project_Settings/Startup_Code/system_S32K144.o
 .debug_abbrev  0x0000028d       0xf5 ./src/App/main.o
 .debug_abbrev  0x00000382      0x1bd ./src/Driver/src/driver_gpio.o
 .debug_abbrev  0x0000053f      0x1a6 ./src/HAL/src/HAL_gpio.o

.debug_str      0x00000000    0x62a0f
 .debug_str     0x00000000       0xac b:/nxp/s32ds/build_tools/gcc_v11.4/gcc-11.4-arm32-eabi/bin/../lib/gcc/arm-none-eabi/11.4.0/../../../../arm-none-eabi/lib/thumb/v7e-m/nofp/rdimon-crt0.o
 .debug_str     0x000000ac    0x61b47 ./Project_Settings/Startup_Code/startup.o
                              0x61cd7 (size before relaxing)
 .debug_str     0x00061bf3       0x33 ./Project_Settings/Startup_Code/startup_S32K144.o
                                 0x65 (size before relaxing)
 .debug_str     0x00061c26      0x1f3 ./Project_Settings/Startup_Code/system_S32K144.o
                              0x61b48 (size before relaxing)
 .debug_str     0x00061e19      0x767 ./src/App/main.o
                              0x570ff (size before relaxing)
 .debug_str     0x00062580      0x17f ./src/Driver/src/driver_gpio.o
                              0x5719a (size before relaxing)
 .debug_str     0x000626ff      0x310 ./src/HAL/src/HAL_gpio.o
                              0x5739b (size before relaxing)

.debug_aranges  0x00000000      0x130
 .debug_aranges
                0x00000000       0x20 ./Project_Settings/Startup_Code/startup.o
 .debug_aranges
                0x00000020       0x20 ./Project_Settings/Startup_Code/startup_S32K144.o
 .debug_aranges
                0x00000040       0x30 ./Project_Settings/Startup_Code/system_S32K144.o
 .debug_aranges
                0x00000070       0x20 ./src/App/main.o
 .debug_aranges
                0x00000090       0x50 ./src/Driver/src/driver_gpio.o
 .debug_aranges
                0x000000e0       0x50 ./src/HAL/src/HAL_gpio.o

.debug_rnglists
                0x00000000       0xb9
 .debug_rnglists
                0x00000000       0x14 ./Project_Settings/Startup_Code/startup.o
 .debug_rnglists
                0x00000014       0x20 ./Project_Settings/Startup_Code/system_S32K144.o
 .debug_rnglists
                0x00000034       0x14 ./src/App/main.o
 .debug_rnglists
                0x00000048       0x37 ./src/Driver/src/driver_gpio.o
 .debug_rnglists
                0x0000007f       0x3a ./src/HAL/src/HAL_gpio.o

.debug_macro    0x00000000    0x1b337
 .debug_macro   0x00000000       0xb5 ./Project_Settings/Startup_Code/startup.o
 .debug_macro   0x000000b5      0xa90 ./Project_Settings/Startup_Code/startup.o
 .debug_macro   0x00000b45       0x22 ./Project_Settings/Startup_Code/startup.o
 .debug_macro   0x00000b67       0x8e ./Project_Settings/Startup_Code/startup.o
 .debug_macro   0x00000bf5       0x51 ./Project_Settings/Startup_Code/startup.o
 .debug_macro   0x00000c46      0x103 ./Project_Settings/Startup_Code/startup.o
 .debug_macro   0x00000d49       0x6a ./Project_Settings/Startup_Code/startup.o
 .debug_macro   0x00000db3      0x1df ./Project_Settings/Startup_Code/startup.o
 .debug_macro   0x00000f92       0x10 ./Project_Settings/Startup_Code/startup.o
 .debug_macro   0x00000fa2       0x78 ./Project_Settings/Startup_Code/startup.o
 .debug_macro   0x0000101a     0xc365 ./Project_Settings/Startup_Code/startup.o
 .debug_macro   0x0000d37f     0x1707 ./Project_Settings/Startup_Code/startup.o
 .debug_macro   0x0000ea86       0x22 ./Project_Settings/Startup_Code/startup.o
 .debug_macro   0x0000eaa8       0x40 ./Project_Settings/Startup_Code/startup.o
 .debug_macro   0x0000eae8       0xb4 ./Project_Settings/Startup_Code/system_S32K144.o
 .debug_macro   0x0000eb9c       0x16 ./Project_Settings/Startup_Code/system_S32K144.o
 .debug_macro   0x0000ebb2     0xc353 ./Project_Settings/Startup_Code/system_S32K144.o
 .debug_macro   0x0001af05       0x28 ./Project_Settings/Startup_Code/system_S32K144.o
 .debug_macro   0x0001af2d       0x9c ./src/App/main.o
 .debug_macro   0x0001afc9      0x174 ./src/App/main.o
 .debug_macro   0x0001b13d       0x34 ./src/App/main.o
 .debug_macro   0x0001b171       0x3e ./src/App/main.o
 .debug_macro   0x0001b1af       0xb2 ./src/Driver/src/driver_gpio.o
 .debug_macro   0x0001b261       0xd6 ./src/HAL/src/HAL_gpio.o

.debug_frame    0x00000000      0x308
 .debug_frame   0x00000000       0x38 ./Project_Settings/Startup_Code/startup.o
 .debug_frame   0x00000038       0x80 ./Project_Settings/Startup_Code/system_S32K144.o
 .debug_frame   0x000000b8       0x30 ./src/App/main.o
 .debug_frame   0x000000e8      0x110 ./src/Driver/src/driver_gpio.o
 .debug_frame   0x000001f8      0x110 ./src/HAL/src/HAL_gpio.o
